================================================================================
N100 FINANCIAL RATIO ENGINE - EDGE CASES & ANOMALY AUDIT LOG
Generated on: 2026-10-02 17:56:21
================================================================================
[OPM DISCREPANCY] Company: ADANIENSOL, Year: 2024 | Computed OPM: 34.39%, Source OPM: 30.00% | Diff: 4.39% | Category: formula discrepancy (accounting classification differences in other income/expenses)
[ROE ANOMALY] Company: ADANIENT | Computed ROE: 7.96%, Source ROE: 13.64% | Diff: 5.68% | Category: version difference (e.g., decimals vs percentage formatting in source master)
[ROCE ANOMALY] Company: ADANIGREEN | Computed ROCE: 11.00%, Source ROCE: 96.50% | Diff: 85.50% | Category: version difference (annualized TTM vs standalone FY balance sheet)
[ROE ANOMALY] Company: ADANIPOWER | Computed ROE: 37.23%, Source ROE: 57.10% | Diff: 19.87% | Category: version difference (e.g., decimals vs percentage formatting in source master)
[OPM DISCREPANCY] Company: AXISBANK, Year: 2013 | Computed OPM: 30.58%, Source OPM: 1353.00% | Diff: 1322.42% | Category: formula discrepancy (accounting classification differences in other income/expenses)
[BANK CARVE-OUT] Company: AXISBANK, Year: 2013 | D/E: 8.93 | Sector: Financials | High leverage warning suppressed (structurally leveraged banking model)
[OPM DISCREPANCY] Company: AXISBANK, Year: 2014 | Computed OPM: 31.47%, Source OPM: 2307.00% | Diff: 2275.53% | Category: formula discrepancy (accounting classification differences in other income/expenses)
[BANK CARVE-OUT] Company: AXISBANK, Year: 2014 | D/E: 8.68 | Sector: Financials | High leverage warning suppressed (structurally leveraged banking model)
[OPM DISCREPANCY] Company: AXISBANK, Year: 2015 | Computed OPM: 31.36%, Source OPM: 3097.00% | Diff: 3065.64% | Category: formula discrepancy (accounting classification differences in other income/expenses)
[BANK CARVE-OUT] Company: AXISBANK, Year: 2015 | D/E: 9.05 | Sector: Financials | High leverage warning suppressed (structurally leveraged banking model)
[OPM DISCREPANCY] Company: AXISBANK, Year: 2016 | Computed OPM: 32.61%, Source OPM: 3466.00% | Diff: 3433.39% | Category: formula discrepancy (accounting classification differences in other income/expenses)
[BANK CARVE-OUT] Company: AXISBANK, Year: 2016 | D/E: 8.82 | Sector: Financials | High leverage warning suppressed (structurally leveraged banking model)
[OPM DISCREPANCY] Company: AXISBANK, Year: 2017 | Computed OPM: 53.45%, Source OPM: -5715.00% | Diff: 5768.45% | Category: formula discrepancy (accounting classification differences in other income/expenses)
[BANK CARVE-OUT] Company: AXISBANK, Year: 2017 | D/E: 9.36 | Sector: Financials | High leverage warning suppressed (structurally leveraged banking model)
[OPM DISCREPANCY] Company: AXISBANK, Year: 2018 | Computed OPM: 63.12%, Source OPM: -10277.00% | Diff: 10340.12% | Category: formula discrepancy (accounting classification differences in other income/expenses)
[BANK CARVE-OUT] Company: AXISBANK, Year: 2018 | D/E: 9.52 | Sector: Financials | High leverage warning suppressed (structurally leveraged banking model)
[OPM DISCREPANCY] Company: AXISBANK, Year: 2019 | Computed OPM: 49.39%, Source OPM: -5447.00% | Diff: 5496.39% | Category: formula discrepancy (accounting classification differences in other income/expenses)
[BANK CARVE-OUT] Company: AXISBANK, Year: 2019 | D/E: 10.50 | Sector: Financials | High leverage warning suppressed (structurally leveraged banking model)
[OPM DISCREPANCY] Company: AXISBANK, Year: 2020 | Computed OPM: 55.98%, Source OPM: -9859.00% | Diff: 9914.98% | Category: formula discrepancy (accounting classification differences in other income/expenses)
[BANK CARVE-OUT] Company: AXISBANK, Year: 2020 | D/E: 9.23 | Sector: Financials | High leverage warning suppressed (structurally leveraged banking model)
[OPM DISCREPANCY] Company: AXISBANK, Year: 2021 | Computed OPM: 50.12%, Source OPM: -2510.00% | Diff: 2560.12% | Category: formula discrepancy (accounting classification differences in other income/expenses)
[BANK CARVE-OUT] Company: AXISBANK, Year: 2021 | D/E: 8.21 | Sector: Financials | High leverage warning suppressed (structurally leveraged banking model)
[OPM DISCREPANCY] Company: AXISBANK, Year: 2022 | Computed OPM: 44.47%, Source OPM: 3170.00% | Diff: 3125.53% | Category: formula discrepancy (accounting classification differences in other income/expenses)
[BANK CARVE-OUT] Company: AXISBANK, Year: 2022 | D/E: 8.63 | Sector: Financials | High leverage warning suppressed (structurally leveraged banking model)
[OPM DISCREPANCY] Company: AXISBANK, Year: 2023 | Computed OPM: 34.16%, Source OPM: 13857.00% | Diff: 13822.84% | Category: formula discrepancy (accounting classification differences in other income/expenses)
[BANK CARVE-OUT] Company: AXISBANK, Year: 2023 | D/E: 8.88 | Sector: Financials | High leverage warning suppressed (structurally leveraged banking model)
[OPM DISCREPANCY] Company: AXISBANK, Year: 2024 | Computed OPM: 34.69%, Source OPM: 11952.00% | Diff: 11917.31% | Category: formula discrepancy (accounting classification differences in other income/expenses)
[BANK CARVE-OUT] Company: AXISBANK, Year: 2024 | D/E: 8.25 | Sector: Financials | High leverage warning suppressed (structurally leveraged banking model)
[ROCE ANOMALY] Company: BAJAJFINSV | Computed ROCE: 10.56%, Source ROCE: 21.14% | Diff: 10.58% | Category: version difference (annualized TTM vs standalone FY balance sheet)
[ROE ANOMALY] Company: BAJAJFINSV | Computed ROE: 22.82%, Source ROE: 11.72% | Diff: 11.10% | Category: version difference (e.g., decimals vs percentage formatting in source master)
[OPM DISCREPANCY] Company: BAJFINANCE, Year: 2015 | Computed OPM: 32.49%, Source OPM: 1367.00% | Diff: 1334.51% | Category: formula discrepancy (accounting classification differences in other income/expenses)
[BANK CARVE-OUT] Company: BAJFINANCE, Year: 2015 | D/E: 5.55 | Sector: Financials | High leverage warning suppressed (structurally leveraged banking model)
[OPM DISCREPANCY] Company: BAJFINANCE, Year: 2016 | Computed OPM: 32.25%, Source OPM: 1986.00% | Diff: 1953.75% | Category: formula discrepancy (accounting classification differences in other income/expenses)
[OPM DISCREPANCY] Company: BAJFINANCE, Year: 2017 | Computed OPM: 32.60%, Source OPM: 2867.00% | Diff: 2834.40% | Category: formula discrepancy (accounting classification differences in other income/expenses)
[BANK CARVE-OUT] Company: BAJFINANCE, Year: 2017 | D/E: 5.13 | Sector: Financials | High leverage warning suppressed (structurally leveraged banking model)
[OPM DISCREPANCY] Company: BAJFINANCE, Year: 2018 | Computed OPM: 32.28%, Source OPM: 3935.00% | Diff: 3902.72% | Category: formula discrepancy (accounting classification differences in other income/expenses)
[OPM DISCREPANCY] Company: BAJFINANCE, Year: 2019 | Computed OPM: 29.50%, Source OPM: 6310.00% | Diff: 6280.50% | Category: formula discrepancy (accounting classification differences in other income/expenses)
[BANK CARVE-OUT] Company: BAJFINANCE, Year: 2019 | D/E: 5.16 | Sector: Financials | High leverage warning suppressed (structurally leveraged banking model)
[OPM DISCREPANCY] Company: BAJFINANCE, Year: 2020 | Computed OPM: 34.73%, Source OPM: 7608.00% | Diff: 7573.27% | Category: formula discrepancy (accounting classification differences in other income/expenses)
[OPM DISCREPANCY] Company: BAJFINANCE, Year: 2021 | Computed OPM: 40.64%, Source OPM: 6314.00% | Diff: 6273.36% | Category: formula discrepancy (accounting classification differences in other income/expenses)
[OPM DISCREPANCY] Company: BAJFINANCE, Year: 2022 | Computed OPM: 37.55%, Source OPM: 9906.00% | Diff: 9868.45% | Category: formula discrepancy (accounting classification differences in other income/expenses)
[OPM DISCREPANCY] Company: BAJFINANCE, Year: 2023 | Computed OPM: 30.65%, Source OPM: 16018.00% | Diff: 15987.35% | Category: formula discrepancy (accounting classification differences in other income/expenses)
[OPM DISCREPANCY] Company: BAJFINANCE, Year: 2024 | Computed OPM: 29.29%, Source OPM: 19987.00% | Diff: 19957.71% | Category: formula discrepancy (accounting classification differences in other income/expenses)
[ROCE ANOMALY] Company: BAJFINANCE | Computed ROCE: 3.93%, Source ROCE: 11.90% | Diff: 7.97% | Category: version difference (annualized TTM vs standalone FY balance sheet)
[ROE ANOMALY] Company: BAJFINANCE | Computed ROE: 16.65%, Source ROE: 22.10% | Diff: 5.45% | Category: version difference (e.g., decimals vs percentage formatting in source master)
[OPM DISCREPANCY] Company: BANKBARODA, Year: 2013 | Computed OPM: 30.05%, Source OPM: 1006.00% | Diff: 975.95% | Category: formula discrepancy (accounting classification differences in other income/expenses)
[BANK CARVE-OUT] Company: BANKBARODA, Year: 2013 | D/E: 15.30 | Sector: Financials | High leverage warning suppressed (structurally leveraged banking model)
[OPM DISCREPANCY] Company: BANKBARODA, Year: 2014 | Computed OPM: 29.78%, Source OPM: 809.00% | Diff: 779.22% | Category: formula discrepancy (accounting classification differences in other income/expenses)
[BANK CARVE-OUT] Company: BANKBARODA, Year: 2014 | D/E: 16.30 | Sector: Financials | High leverage warning suppressed (structurally leveraged banking model)
[OPM DISCREPANCY] Company: BANKBARODA, Year: 2015 | Computed OPM: 29.98%, Source OPM: 902.00% | Diff: 872.02% | Category: formula discrepancy (accounting classification differences in other income/expenses)
[BANK CARVE-OUT] Company: BANKBARODA, Year: 2015 | D/E: 15.84 | Sector: Financials | High leverage warning suppressed (structurally leveraged banking model)
[OPM DISCREPANCY] Company: BANKBARODA, Year: 2016 | Computed OPM: 55.44%, Source OPM: -11700.00% | Diff: 11755.44% | Category: formula discrepancy (accounting classification differences in other income/expenses)
[BANK CARVE-OUT] Company: BANKBARODA, Year: 2016 | D/E: 14.60 | Sector: Financials | High leverage warning suppressed (structurally leveraged banking model)
[OPM DISCREPANCY] Company: BANKBARODA, Year: 2017 | Computed OPM: 43.28%, Source OPM: -4372.00% | Diff: 4415.28% | Category: formula discrepancy (accounting classification differences in other income/expenses)
[BANK CARVE-OUT] Company: BANKBARODA, Year: 2017 | D/E: 15.06 | Sector: Financials | High leverage warning suppressed (structurally leveraged banking model)
[OPM DISCREPANCY] Company: BANKBARODA, Year: 2018 | Computed OPM: 56.65%, Source OPM: -9197.00% | Diff: 9253.65% | Category: formula discrepancy (accounting classification differences in other income/expenses)
[BANK CARVE-OUT] Company: BANKBARODA, Year: 2018 | D/E: 14.44 | Sector: Financials | High leverage warning suppressed (structurally leveraged banking model)
[OPM DISCREPANCY] Company: BANKBARODA, Year: 2019 | Computed OPM: 48.79%, Source OPM: -5414.00% | Diff: 5462.79% | Category: formula discrepancy (accounting classification differences in other income/expenses)
[BANK CARVE-OUT] Company: BANKBARODA, Year: 2019 | D/E: 13.35 | Sector: Financials | High leverage warning suppressed (structurally leveraged banking model)
[OPM DISCREPANCY] Company: BANKBARODA, Year: 2020 | Computed OPM: 51.44%, Source OPM: -11728.00% | Diff: 11779.44% | Category: formula discrepancy (accounting classification differences in other income/expenses)
[BANK CARVE-OUT] Company: BANKBARODA, Year: 2020 | D/E: 14.05 | Sector: Financials | High leverage warning suppressed (structurally leveraged banking model)
[OPM DISCREPANCY] Company: BANKBARODA, Year: 2021 | Computed OPM: 51.23%, Source OPM: -6957.00% | Diff: 7008.23% | Category: formula discrepancy (accounting classification differences in other income/expenses)
[BANK CARVE-OUT] Company: BANKBARODA, Year: 2021 | D/E: 12.95 | Sector: Financials | High leverage warning suppressed (structurally leveraged banking model)
[OPM DISCREPANCY] Company: BANKBARODA, Year: 2022 | Computed OPM: 51.12%, Source OPM: -2948.00% | Diff: 2999.12% | Category: formula discrepancy (accounting classification differences in other income/expenses)
[BANK CARVE-OUT] Company: BANKBARODA, Year: 2022 | D/E: 12.90 | Sector: Financials | High leverage warning suppressed (structurally leveraged banking model)
[OPM DISCREPANCY] Company: BANKBARODA, Year: 2023 | Computed OPM: 40.45%, Source OPM: 6329.00% | Diff: 6288.55% | Category: formula discrepancy (accounting classification differences in other income/expenses)
[BANK CARVE-OUT] Company: BANKBARODA, Year: 2023 | D/E: 12.78 | Sector: Financials | High leverage warning suppressed (structurally leveraged banking model)
[OPM DISCREPANCY] Company: BANKBARODA, Year: 2024 | Computed OPM: 37.49%, Source OPM: 4102.00% | Diff: 4064.51% | Category: formula discrepancy (accounting classification differences in other income/expenses)
[BANK CARVE-OUT] Company: BANKBARODA, Year: 2024 | D/E: 12.14 | Sector: Financials | High leverage warning suppressed (structurally leveraged banking model)
[ROCE ANOMALY] Company: BEL | Computed ROCE: 3385.21%, Source ROCE: 34.60% | Diff: 3350.61% | Category: version difference (annualized TTM vs standalone FY balance sheet)
[ROE ANOMALY] Company: BEL | Computed ROE: 4379.12%, Source ROE: 26.30% | Diff: 4352.82% | Category: version difference (e.g., decimals vs percentage formatting in source master)
[ROCE ANOMALY] Company: BHARTIARTL | Computed ROCE: 23.95%, Source ROCE: 13.10% | Diff: 10.85% | Category: version difference (annualized TTM vs standalone FY balance sheet)
[ROE ANOMALY] Company: BHARTIARTL | Computed ROE: 9.83%, Source ROE: 14.90% | Diff: 5.07% | Category: version difference (e.g., decimals vs percentage formatting in source master)
[ROCE ANOMALY] Company: BOSCHLTD | Computed ROCE: 28.67%, Source ROCE: 20.60% | Diff: 8.07% | Category: version difference (annualized TTM vs standalone FY balance sheet)
[ROE ANOMALY] Company: BPCL | Computed ROE: 34.83%, Source ROE: 41.90% | Diff: 7.07% | Category: version difference (e.g., decimals vs percentage formatting in source master)
[ROCE ANOMALY] Company: BRITANNIA | Computed ROCE: 56.64%, Source ROCE: 48.90% | Diff: 7.74% | Category: version difference (annualized TTM vs standalone FY balance sheet)
[ROE ANOMALY] Company: BRITANNIA | Computed ROE: 66.48%, Source ROE: 57.10% | Diff: 9.38% | Category: version difference (e.g., decimals vs percentage formatting in source master)
[OPM DISCREPANCY] Company: CANBK, Year: 2013 | Computed OPM: 21.18%, Source OPM: 655.00% | Diff: 633.82% | Category: formula discrepancy (accounting classification differences in other income/expenses)
[BANK CARVE-OUT] Company: CANBK, Year: 2013 | D/E: 14.94 | Sector: Financials | High leverage warning suppressed (structurally leveraged banking model)
[OPM DISCREPANCY] Company: CANBK, Year: 2014 | Computed OPM: 24.35%, Source OPM: -672.00% | Diff: 696.35% | Category: formula discrepancy (accounting classification differences in other income/expenses)
[BANK CARVE-OUT] Company: CANBK, Year: 2014 | D/E: 14.84 | Sector: Financials | High leverage warning suppressed (structurally leveraged banking model)
[OPM DISCREPANCY] Company: CANBK, Year: 2015 | Computed OPM: 23.51%, Source OPM: -621.00% | Diff: 644.51% | Category: formula discrepancy (accounting classification differences in other income/expenses)
[BANK CARVE-OUT] Company: CANBK, Year: 2015 | D/E: 15.37 | Sector: Financials | High leverage warning suppressed (structurally leveraged banking model)
[OPM DISCREPANCY] Company: CANBK, Year: 2016 | Computed OPM: 40.38%, Source OPM: -8008.00% | Diff: 8048.38% | Category: formula discrepancy (accounting classification differences in other income/expenses)
[BANK CARVE-OUT] Company: CANBK, Year: 2016 | D/E: 15.63 | Sector: Financials | High leverage warning suppressed (structurally leveraged banking model)
[OPM DISCREPANCY] Company: CANBK, Year: 2017 | Computed OPM: 37.85%, Source OPM: -5775.00% | Diff: 5812.85% | Category: formula discrepancy (accounting classification differences in other income/expenses)
[BANK CARVE-OUT] Company: CANBK, Year: 2017 | D/E: 15.42 | Sector: Financials | High leverage warning suppressed (structurally leveraged banking model)
[OPM DISCREPANCY] Company: CANBK, Year: 2018 | Computed OPM: 61.87%, Source OPM: -13350.00% | Diff: 13411.87% | Category: formula discrepancy (accounting classification differences in other income/expenses)
[BANK CARVE-OUT] Company: CANBK, Year: 2018 | D/E: 15.28 | Sector: Financials | High leverage warning suppressed (structurally leveraged banking model)
[OPM DISCREPANCY] Company: CANBK, Year: 2019 | Computed OPM: 56.73%, Source OPM: -11590.00% | Diff: 11646.73% | Category: formula discrepancy (accounting classification differences in other income/expenses)
[BANK CARVE-OUT] Company: CANBK, Year: 2019 | D/E: 16.99 | Sector: Financials | High leverage warning suppressed (structurally leveraged banking model)
[OPM DISCREPANCY] Company: CANBK, Year: 2020 | Computed OPM: 53.88%, Source OPM: -12867.00% | Diff: 12920.88% | Category: formula discrepancy (accounting classification differences in other income/expenses)
[BANK CARVE-OUT] Company: CANBK, Year: 2020 | D/E: 16.22 | Sector: Financials | High leverage warning suppressed (structurally leveraged banking model)
[OPM DISCREPANCY] Company: CANBK, Year: 2021 | Computed OPM: 61.83%, Source OPM: -18367.00% | Diff: 18428.83% | Category: formula discrepancy (accounting classification differences in other income/expenses)
[BANK CARVE-OUT] Company: CANBK, Year: 2021 | D/E: 17.00 | Sector: Financials | High leverage warning suppressed (structurally leveraged banking model)
[OPM DISCREPANCY] Company: CANBK, Year: 2022 | Computed OPM: 58.39%, Source OPM: -13657.00% | Diff: 13715.39% | Category: formula discrepancy (accounting classification differences in other income/expenses)
[BANK CARVE-OUT] Company: CANBK, Year: 2022 | D/E: 16.19 | Sector: Financials | High leverage warning suppressed (structurally leveraged banking model)
[OPM DISCREPANCY] Company: CANBK, Year: 2023 | Computed OPM: 49.80%, Source OPM: -9877.00% | Diff: 9926.80% | Category: formula discrepancy (accounting classification differences in other income/expenses)
[BANK CARVE-OUT] Company: CANBK, Year: 2023 | D/E: 15.85 | Sector: Financials | High leverage warning suppressed (structurally leveraged banking model)
[OPM DISCREPANCY] Company: CANBK, Year: 2024 | Computed OPM: 41.75%, Source OPM: -7745.00% | Diff: 7786.75% | Category: formula discrepancy (accounting classification differences in other income/expenses)
[BANK CARVE-OUT] Company: CANBK, Year: 2024 | D/E: 14.87 | Sector: Financials | High leverage warning suppressed (structurally leveraged banking model)
[OPM DISCREPANCY] Company: CHOLAFIN, Year: 2013 | Computed OPM: 26.77%, Source OPM: 472.00% | Diff: 445.23% | Category: formula discrepancy (accounting classification differences in other income/expenses)
[BANK CARVE-OUT] Company: CHOLAFIN, Year: 2013 | D/E: 7.82 | Sector: Financials | High leverage warning suppressed (structurally leveraged banking model)
[OPM DISCREPANCY] Company: CHOLAFIN, Year: 2014 | Computed OPM: 28.42%, Source OPM: 578.00% | Diff: 549.58% | Category: formula discrepancy (accounting classification differences in other income/expenses)
[BANK CARVE-OUT] Company: CHOLAFIN, Year: 2014 | D/E: 7.90 | Sector: Financials | High leverage warning suppressed (structurally leveraged banking model)
[OPM DISCREPANCY] Company: CHOLAFIN, Year: 2015 | Computed OPM: 28.56%, Source OPM: 696.00% | Diff: 667.44% | Category: formula discrepancy (accounting classification differences in other income/expenses)
[BANK CARVE-OUT] Company: CHOLAFIN, Year: 2015 | D/E: 7.46 | Sector: Financials | High leverage warning suppressed (structurally leveraged banking model)
[OPM DISCREPANCY] Company: CHOLAFIN, Year: 2016 | Computed OPM: 30.04%, Source OPM: 899.00% | Diff: 868.96% | Category: formula discrepancy (accounting classification differences in other income/expenses)
[BANK CARVE-OUT] Company: CHOLAFIN, Year: 2016 | D/E: 6.14 | Sector: Financials | High leverage warning suppressed (structurally leveraged banking model)
[OPM DISCREPANCY] Company: CHOLAFIN, Year: 2017 | Computed OPM: 28.16%, Source OPM: 1143.00% | Diff: 1114.84% | Category: formula discrepancy (accounting classification differences in other income/expenses)
[BANK CARVE-OUT] Company: CHOLAFIN, Year: 2017 | D/E: 5.60 | Sector: Financials | High leverage warning suppressed (structurally leveraged banking model)
[OPM DISCREPANCY] Company: CHOLAFIN, Year: 2018 | Computed OPM: 26.10%, Source OPM: 1451.00% | Diff: 1424.90% | Category: formula discrepancy (accounting classification differences in other income/expenses)
[BANK CARVE-OUT] Company: CHOLAFIN, Year: 2018 | D/E: 7.48 | Sector: Financials | High leverage warning suppressed (structurally leveraged banking model)
[OPM DISCREPANCY] Company: CHOLAFIN, Year: 2019 | Computed OPM: 22.96%, Source OPM: 1888.00% | Diff: 1865.04% | Category: formula discrepancy (accounting classification differences in other income/expenses)
[BANK CARVE-OUT] Company: CHOLAFIN, Year: 2019 | D/E: 8.15 | Sector: Financials | High leverage warning suppressed (structurally leveraged banking model)
[OPM DISCREPANCY] Company: CHOLAFIN, Year: 2020 | Computed OPM: 27.79%, Source OPM: 1699.00% | Diff: 1671.21% | Category: formula discrepancy (accounting classification differences in other income/expenses)
[BANK CARVE-OUT] Company: CHOLAFIN, Year: 2020 | D/E: 6.71 | Sector: Financials | High leverage warning suppressed (structurally leveraged banking model)
[OPM DISCREPANCY] Company: CHOLAFIN, Year: 2021 | Computed OPM: 30.40%, Source OPM: 2094.00% | Diff: 2063.60% | Category: formula discrepancy (accounting classification differences in other income/expenses)
[BANK CARVE-OUT] Company: CHOLAFIN, Year: 2021 | D/E: 6.64 | Sector: Financials | High leverage warning suppressed (structurally leveraged banking model)
[OPM DISCREPANCY] Company: CHOLAFIN, Year: 2022 | Computed OPM: 28.83%, Source OPM: 2924.00% | Diff: 2895.17% | Category: formula discrepancy (accounting classification differences in other income/expenses)
[BANK CARVE-OUT] Company: CHOLAFIN, Year: 2022 | D/E: 5.88 | Sector: Financials | High leverage warning suppressed (structurally leveraged banking model)
[OPM DISCREPANCY] Company: CHOLAFIN, Year: 2023 | Computed OPM: 28.10%, Source OPM: 3515.00% | Diff: 3486.90% | Category: formula discrepancy (accounting classification differences in other income/expenses)
[BANK CARVE-OUT] Company: CHOLAFIN, Year: 2023 | D/E: 6.79 | Sector: Financials | High leverage warning suppressed (structurally leveraged banking model)
[OPM DISCREPANCY] Company: CHOLAFIN, Year: 2024 | Computed OPM: 28.10%, Source OPM: 4548.00% | Diff: 4519.90% | Category: formula discrepancy (accounting classification differences in other income/expenses)
[ROCE ANOMALY] Company: CHOLAFIN | Computed ROCE: 3.02%, Source ROCE: 10.40% | Diff: 7.38% | Category: version difference (annualized TTM vs standalone FY balance sheet)
[BANK CARVE-OUT] Company: CHOLAFIN, Year: 2024 | D/E: 7.38 | Sector: Financials | High leverage warning suppressed (structurally leveraged banking model)
[OPM DISCREPANCY] Company: CIPLA, Year: 2013 | Computed OPM: 73.26%, Source OPM: 2214.00% | Diff: 2140.74% | Category: formula discrepancy (accounting classification differences in other income/expenses)
[OPM DISCREPANCY] Company: CIPLA, Year: 2014 | Computed OPM: 78.90%, Source OPM: 2147.00% | Diff: 2068.10% | Category: formula discrepancy (accounting classification differences in other income/expenses)
[OPM DISCREPANCY] Company: CIPLA, Year: 2015 | Computed OPM: 80.94%, Source OPM: 2163.00% | Diff: 2082.06% | Category: formula discrepancy (accounting classification differences in other income/expenses)
[OPM DISCREPANCY] Company: CIPLA, Year: 2016 | Computed OPM: 82.02%, Source OPM: 2480.00% | Diff: 2397.98% | Category: formula discrepancy (accounting classification differences in other income/expenses)
[OPM DISCREPANCY] Company: CIPLA, Year: 2017 | Computed OPM: 82.66%, Source OPM: 2496.00% | Diff: 2413.34% | Category: formula discrepancy (accounting classification differences in other income/expenses)
[OPM DISCREPANCY] Company: CIPLA, Year: 2018 | Computed OPM: 81.35%, Source OPM: 2826.00% | Diff: 2744.65% | Category: formula discrepancy (accounting classification differences in other income/expenses)
[OPM DISCREPANCY] Company: CIPLA, Year: 2019 | Computed OPM: 81.07%, Source OPM: 3097.00% | Diff: 3015.93% | Category: formula discrepancy (accounting classification differences in other income/expenses)
[OPM DISCREPANCY] Company: CIPLA, Year: 2020 | Computed OPM: 81.29%, Source OPM: 3206.00% | Diff: 3124.71% | Category: formula discrepancy (accounting classification differences in other income/expenses)
[OPM DISCREPANCY] Company: CIPLA, Year: 2021 | Computed OPM: 77.80%, Source OPM: 4252.00% | Diff: 4174.20% | Category: formula discrepancy (accounting classification differences in other income/expenses)
[OPM DISCREPANCY] Company: CIPLA, Year: 2022 | Computed OPM: 79.08%, Source OPM: 4553.00% | Diff: 4473.92% | Category: formula discrepancy (accounting classification differences in other income/expenses)
[OPM DISCREPANCY] Company: CIPLA, Year: 2023 | Computed OPM: 77.91%, Source OPM: 5027.00% | Diff: 4949.09% | Category: formula discrepancy (accounting classification differences in other income/expenses)
[OPM DISCREPANCY] Company: CIPLA, Year: 2024 | Computed OPM: 75.59%, Source OPM: 6291.00% | Diff: 6215.41% | Category: formula discrepancy (accounting classification differences in other income/expenses)
[ROCE ANOMALY] Company: CIPLA | Computed ROCE: 67.68%, Source ROCE: 22.80% | Diff: 44.88% | Category: version difference (annualized TTM vs standalone FY balance sheet)
[OPM DISCREPANCY] Company: COALINDIA, Year: 2013 | Computed OPM: 73.52%, Source OPM: 18087.00% | Diff: 18013.48% | Category: formula discrepancy (accounting classification differences in other income/expenses)
[OPM DISCREPANCY] Company: COALINDIA, Year: 2014 | Computed OPM: 74.84%, Source OPM: 17766.00% | Diff: 17691.16% | Category: formula discrepancy (accounting classification differences in other income/expenses)
[OPM DISCREPANCY] Company: COALINDIA, Year: 2015 | Computed OPM: 76.60%, Source OPM: 17343.00% | Diff: 17266.40% | Category: formula discrepancy (accounting classification differences in other income/expenses)
[OPM DISCREPANCY] Company: COALINDIA, Year: 2016 | Computed OPM: 75.96%, Source OPM: 18714.00% | Diff: 18638.04% | Category: formula discrepancy (accounting classification differences in other income/expenses)
[OPM DISCREPANCY] Company: COALINDIA, Year: 2017 | Computed OPM: 84.07%, Source OPM: 12448.00% | Diff: 12363.93% | Category: formula discrepancy (accounting classification differences in other income/expenses)
[OPM DISCREPANCY] Company: COALINDIA, Year: 2018 | Computed OPM: 89.10%, Source OPM: 9288.00% | Diff: 9198.90% | Category: formula discrepancy (accounting classification differences in other income/expenses)
[OPM DISCREPANCY] Company: COALINDIA, Year: 2019 | Computed OPM: 74.89%, Source OPM: 25007.00% | Diff: 24932.11% | Category: formula discrepancy (accounting classification differences in other income/expenses)
[OPM DISCREPANCY] Company: COALINDIA, Year: 2020 | Computed OPM: 77.54%, Source OPM: 21581.00% | Diff: 21503.46% | Category: formula discrepancy (accounting classification differences in other income/expenses)
[OPM DISCREPANCY] Company: COALINDIA, Year: 2021 | Computed OPM: 79.31%, Source OPM: 18628.00% | Diff: 18548.69% | Category: formula discrepancy (accounting classification differences in other income/expenses)
[OPM DISCREPANCY] Company: COALINDIA, Year: 2022 | Computed OPM: 77.47%, Source OPM: 24721.00% | Diff: 24643.53% | Category: formula discrepancy (accounting classification differences in other income/expenses)
[OPM DISCREPANCY] Company: COALINDIA, Year: 2023 | Computed OPM: 68.01%, Source OPM: 44232.00% | Diff: 44163.99% | Category: formula discrepancy (accounting classification differences in other income/expenses)
[OPM DISCREPANCY] Company: COALINDIA, Year: 2024 | Computed OPM: 66.29%, Source OPM: 47971.00% | Diff: 47904.71% | Category: formula discrepancy (accounting classification differences in other income/expenses)
[ROCE ANOMALY] Company: COALINDIA | Computed ROCE: 90.74%, Source ROCE: 63.60% | Diff: 27.14% | Category: version difference (annualized TTM vs standalone FY balance sheet)
[ROE ANOMALY] Company: COALINDIA | Computed ROE: 38.85%, Source ROE: 52.00% | Diff: 13.15% | Category: version difference (e.g., decimals vs percentage formatting in source master)
[ROCE ANOMALY] Company: GODREJCP | Computed ROCE: 4.68%, Source ROCE: 26.49% | Diff: 21.81% | Category: version difference (annualized TTM vs standalone FY balance sheet)
[ROE ANOMALY] Company: GODREJCP | Computed ROE: -4.61%, Source ROE: 6.77% | Diff: 11.38% | Category: version difference (e.g., decimals vs percentage formatting in source master)
[ROCE ANOMALY] Company: HAL | Computed ROCE: 3519.03%, Source ROCE: 38.90% | Diff: 3480.13% | Category: version difference (annualized TTM vs standalone FY balance sheet)
[ROE ANOMALY] Company: HAL | Computed ROE: 3669.08%, Source ROE: 28.90% | Diff: 3640.18% | Category: version difference (e.g., decimals vs percentage formatting in source master)
[OPM DISCREPANCY] Company: HDFCBANK, Year: 2013 | Computed OPM: 35.22%, Source OPM: 3534.00% | Diff: 3498.78% | Category: formula discrepancy (accounting classification differences in other income/expenses)
[BANK CARVE-OUT] Company: HDFCBANK, Year: 2013 | D/E: 9.16 | Sector: Financials | High leverage warning suppressed (structurally leveraged banking model)
[OPM DISCREPANCY] Company: HDFCBANK, Year: 2014 | Computed OPM: 31.74%, Source OPM: 5602.00% | Diff: 5570.26% | Category: formula discrepancy (accounting classification differences in other income/expenses)
[BANK CARVE-OUT] Company: HDFCBANK, Year: 2014 | D/E: 9.43 | Sector: Financials | High leverage warning suppressed (structurally leveraged banking model)
[OPM DISCREPANCY] Company: HDFCBANK, Year: 2015 | Computed OPM: 31.90%, Source OPM: 7214.00% | Diff: 7182.10% | Category: formula discrepancy (accounting classification differences in other income/expenses)
[BANK CARVE-OUT] Company: HDFCBANK, Year: 2015 | D/E: 8.07 | Sector: Financials | High leverage warning suppressed (structurally leveraged banking model)
[OPM DISCREPANCY] Company: HDFCBANK, Year: 2016 | Computed OPM: 31.75%, Source OPM: 9037.00% | Diff: 9005.25% | Category: formula discrepancy (accounting classification differences in other income/expenses)
[BANK CARVE-OUT] Company: HDFCBANK, Year: 2016 | D/E: 8.74 | Sector: Financials | High leverage warning suppressed (structurally leveraged banking model)
[OPM DISCREPANCY] Company: HDFCBANK, Year: 2017 | Computed OPM: 32.56%, Source OPM: 11374.00% | Diff: 11341.44% | Category: formula discrepancy (accounting classification differences in other income/expenses)
[BANK CARVE-OUT] Company: HDFCBANK, Year: 2017 | D/E: 8.08 | Sector: Financials | High leverage warning suppressed (structurally leveraged banking model)
[OPM DISCREPANCY] Company: HDFCBANK, Year: 2018 | Computed OPM: 34.63%, Source OPM: 13374.00% | Diff: 13339.37% | Category: formula discrepancy (accounting classification differences in other income/expenses)
[BANK CARVE-OUT] Company: HDFCBANK, Year: 2018 | D/E: 8.62 | Sector: Financials | High leverage warning suppressed (structurally leveraged banking model)
[OPM DISCREPANCY] Company: HDFCBANK, Year: 2019 | Computed OPM: 33.15%, Source OPM: 16592.00% | Diff: 16558.85% | Category: formula discrepancy (accounting classification differences in other income/expenses)
[BANK CARVE-OUT] Company: HDFCBANK, Year: 2019 | D/E: 7.03 | Sector: Financials | High leverage warning suppressed (structurally leveraged banking model)
[OPM DISCREPANCY] Company: HDFCBANK, Year: 2020 | Computed OPM: 37.20%, Source OPM: 14593.00% | Diff: 14555.80% | Category: formula discrepancy (accounting classification differences in other income/expenses)
[BANK CARVE-OUT] Company: HDFCBANK, Year: 2020 | D/E: 7.56 | Sector: Financials | High leverage warning suppressed (structurally leveraged banking model)
[OPM DISCREPANCY] Company: HDFCBANK, Year: 2021 | Computed OPM: 40.81%, Source OPM: 16848.00% | Diff: 16807.19% | Category: formula discrepancy (accounting classification differences in other income/expenses)
[BANK CARVE-OUT] Company: HDFCBANK, Year: 2021 | D/E: 7.20 | Sector: Financials | High leverage warning suppressed (structurally leveraged banking model)
[OPM DISCREPANCY] Company: HDFCBANK, Year: 2022 | Computed OPM: 41.61%, Source OPM: 20795.00% | Diff: 20753.39% | Category: formula discrepancy (accounting classification differences in other income/expenses)
[BANK CARVE-OUT] Company: HDFCBANK, Year: 2022 | D/E: 7.22 | Sector: Financials | High leverage warning suppressed (structurally leveraged banking model)
[OPM DISCREPANCY] Company: HDFCBANK, Year: 2023 | Computed OPM: 36.92%, Source OPM: 29932.00% | Diff: 29895.08% | Category: formula discrepancy (accounting classification differences in other income/expenses)
[BANK CARVE-OUT] Company: HDFCBANK, Year: 2023 | D/E: 7.39 | Sector: Financials | High leverage warning suppressed (structurally leveraged banking model)
[OPM DISCREPANCY] Company: HDFCBANK, Year: 2024 | Computed OPM: 61.41%, Source OPM: -44685.00% | Diff: 44746.41% | Category: formula discrepancy (accounting classification differences in other income/expenses)
[BANK CARVE-OUT] Company: HDFCBANK, Year: 2024 | D/E: 6.81 | Sector: Financials | High leverage warning suppressed (structurally leveraged banking model)
[OPM DISCREPANCY] Company: HDFCLIFE, Year: 2013 | Computed OPM: 96.27%, Source OPM: 525.00% | Diff: 428.73% | Category: formula discrepancy (accounting classification differences in other income/expenses)
[OPM DISCREPANCY] Company: HDFCLIFE, Year: 2014 | Computed OPM: 96.48%, Source OPM: 605.00% | Diff: 508.52% | Category: formula discrepancy (accounting classification differences in other income/expenses)
[OPM DISCREPANCY] Company: HDFCLIFE, Year: 2015 | Computed OPM: 96.79%, Source OPM: 874.00% | Diff: 777.21% | Category: formula discrepancy (accounting classification differences in other income/expenses)
[OPM DISCREPANCY] Company: HDFCLIFE, Year: 2016 | Computed OPM: 94.74%, Source OPM: 953.00% | Diff: 858.26% | Category: formula discrepancy (accounting classification differences in other income/expenses)
[OPM DISCREPANCY] Company: HDFCLIFE, Year: 2017 | Computed OPM: 96.83%, Source OPM: 972.00% | Diff: 875.17% | Category: formula discrepancy (accounting classification differences in other income/expenses)
[OPM DISCREPANCY] Company: HDFCLIFE, Year: 2018 | Computed OPM: 96.67%, Source OPM: 1074.00% | Diff: 977.33% | Category: formula discrepancy (accounting classification differences in other income/expenses)
[OPM DISCREPANCY] Company: HDFCLIFE, Year: 2019 | Computed OPM: 96.87%, Source OPM: 1215.00% | Diff: 1118.13% | Category: formula discrepancy (accounting classification differences in other income/expenses)
[OPM DISCREPANCY] Company: HDFCLIFE, Year: 2020 | Computed OPM: 96.12%, Source OPM: 1141.00% | Diff: 1044.88% | Category: formula discrepancy (accounting classification differences in other income/expenses)
[OPM DISCREPANCY] Company: HDFCLIFE, Year: 2021 | Computed OPM: 98.27%, Source OPM: 1235.00% | Diff: 1136.73% | Category: formula discrepancy (accounting classification differences in other income/expenses)
[OPM DISCREPANCY] Company: HDFCLIFE, Year: 2022 | Computed OPM: 98.84%, Source OPM: 778.00% | Diff: 679.16% | Category: formula discrepancy (accounting classification differences in other income/expenses)
[OPM DISCREPANCY] Company: HDFCLIFE, Year: 2023 | Computed OPM: 99.89%, Source OPM: 80.00% | Diff: 19.89% | Category: formula discrepancy (accounting classification differences in other income/expenses)
[OPM DISCREPANCY] Company: HDFCLIFE, Year: 2024 | Computed OPM: 99.48%, Source OPM: 531.00% | Diff: 431.52% | Category: formula discrepancy (accounting classification differences in other income/expenses)
[ROCE ANOMALY] Company: HDFCLIFE | Computed ROCE: 609.83%, Source ROCE: 6.61% | Diff: 603.22% | Category: version difference (annualized TTM vs standalone FY balance sheet)
[OPM DISCREPANCY] Company: HEROMOTOCO, Year: 2014 | Computed OPM: 85.94%, Source OPM: 3553.00% | Diff: 3467.06% | Category: formula discrepancy (accounting classification differences in other income/expenses)
[OPM DISCREPANCY] Company: HEROMOTOCO, Year: 2015 | Computed OPM: 87.22%, Source OPM: 3520.00% | Diff: 3432.78% | Category: formula discrepancy (accounting classification differences in other income/expenses)
[OPM DISCREPANCY] Company: HEROMOTOCO, Year: 2016 | Computed OPM: 84.45%, Source OPM: 4424.00% | Diff: 4339.55% | Category: formula discrepancy (accounting classification differences in other income/expenses)
[OPM DISCREPANCY] Company: HEROMOTOCO, Year: 2017 | Computed OPM: 83.97%, Source OPM: 4585.00% | Diff: 4501.03% | Category: formula discrepancy (accounting classification differences in other income/expenses)
[OPM DISCREPANCY] Company: HEROMOTOCO, Year: 2018 | Computed OPM: 83.57%, Source OPM: 5334.00% | Diff: 5250.43% | Category: formula discrepancy (accounting classification differences in other income/expenses)
[OPM DISCREPANCY] Company: HEROMOTOCO, Year: 2019 | Computed OPM: 85.21%, Source OPM: 5025.00% | Diff: 4939.79% | Category: formula discrepancy (accounting classification differences in other income/expenses)
[OPM DISCREPANCY] Company: HEROMOTOCO, Year: 2020 | Computed OPM: 86.09%, Source OPM: 4070.00% | Diff: 3983.91% | Category: formula discrepancy (accounting classification differences in other income/expenses)
[OPM DISCREPANCY] Company: HEROMOTOCO, Year: 2021 | Computed OPM: 86.90%, Source OPM: 4058.00% | Diff: 3971.10% | Category: formula discrepancy (accounting classification differences in other income/expenses)
[OPM DISCREPANCY] Company: HEROMOTOCO, Year: 2022 | Computed OPM: 88.98%, Source OPM: 3256.00% | Diff: 3167.02% | Category: formula discrepancy (accounting classification differences in other income/expenses)
[OPM DISCREPANCY] Company: HEROMOTOCO, Year: 2023 | Computed OPM: 88.00%, Source OPM: 4099.00% | Diff: 4011.00% | Category: formula discrepancy (accounting classification differences in other income/expenses)
[OPM DISCREPANCY] Company: HEROMOTOCO, Year: 2024 | Computed OPM: 86.15%, Source OPM: 5235.00% | Diff: 5148.85% | Category: formula discrepancy (accounting classification differences in other income/expenses)
[ROCE ANOMALY] Company: HEROMOTOCO | Computed ROCE: 166.17%, Source ROCE: 29.10% | Diff: 137.07% | Category: version difference (annualized TTM vs standalone FY balance sheet)
[OPM DISCREPANCY] Company: HINDALCO, Year: 2013 | Computed OPM: 90.40%, Source OPM: 7699.00% | Diff: 7608.60% | Category: formula discrepancy (accounting classification differences in other income/expenses)
[OPM DISCREPANCY] Company: HINDALCO, Year: 2014 | Computed OPM: 90.85%, Source OPM: 8024.00% | Diff: 7933.15% | Category: formula discrepancy (accounting classification differences in other income/expenses)
[OPM DISCREPANCY] Company: HINDALCO, Year: 2015 | Computed OPM: 91.52%, Source OPM: 8844.00% | Diff: 8752.48% | Category: formula discrepancy (accounting classification differences in other income/expenses)
[OPM DISCREPANCY] Company: HINDALCO, Year: 2016 | Computed OPM: 92.12%, Source OPM: 7778.00% | Diff: 7685.88% | Category: formula discrepancy (accounting classification differences in other income/expenses)
[OPM DISCREPANCY] Company: HINDALCO, Year: 2017 | Computed OPM: 87.71%, Source OPM: 12317.00% | Diff: 12229.29% | Category: formula discrepancy (accounting classification differences in other income/expenses)
[OPM DISCREPANCY] Company: HINDALCO, Year: 2018 | Computed OPM: 88.11%, Source OPM: 13695.00% | Diff: 13606.89% | Category: formula discrepancy (accounting classification differences in other income/expenses)
[OPM DISCREPANCY] Company: HINDALCO, Year: 2019 | Computed OPM: 88.12%, Source OPM: 15511.00% | Diff: 15422.88% | Category: formula discrepancy (accounting classification differences in other income/expenses)
[OPM DISCREPANCY] Company: HINDALCO, Year: 2020 | Computed OPM: 87.89%, Source OPM: 14306.00% | Diff: 14218.11% | Category: formula discrepancy (accounting classification differences in other income/expenses)
[OPM DISCREPANCY] Company: HINDALCO, Year: 2021 | Computed OPM: 86.70%, Source OPM: 17559.00% | Diff: 17472.30% | Category: formula discrepancy (accounting classification differences in other income/expenses)
[OPM DISCREPANCY] Company: HINDALCO, Year: 2022 | Computed OPM: 85.47%, Source OPM: 28347.00% | Diff: 28261.53% | Category: formula discrepancy (accounting classification differences in other income/expenses)
[OPM DISCREPANCY] Company: HINDALCO, Year: 2023 | Computed OPM: 89.85%, Source OPM: 22666.00% | Diff: 22576.15% | Category: formula discrepancy (accounting classification differences in other income/expenses)
[OPM DISCREPANCY] Company: HINDALCO, Year: 2024 | Computed OPM: 88.95%, Source OPM: 23872.00% | Diff: 23783.05% | Category: formula discrepancy (accounting classification differences in other income/expenses)
[ROCE ANOMALY] Company: HINDALCO | Computed ROCE: 109.06%, Source ROCE: 11.30% | Diff: 97.76% | Category: version difference (annualized TTM vs standalone FY balance sheet)
[OPM DISCREPANCY] Company: HINDUNILVR, Year: 2013 | Computed OPM: 84.37%, Source OPM: 4220.00% | Diff: 4135.63% | Category: formula discrepancy (accounting classification differences in other income/expenses)
[OPM DISCREPANCY] Company: HINDUNILVR, Year: 2014 | Computed OPM: 83.72%, Source OPM: 4759.00% | Diff: 4675.28% | Category: formula discrepancy (accounting classification differences in other income/expenses)
[OPM DISCREPANCY] Company: HINDUNILVR, Year: 2015 | Computed OPM: 83.07%, Source OPM: 5412.00% | Diff: 5328.93% | Category: formula discrepancy (accounting classification differences in other income/expenses)
[OPM DISCREPANCY] Company: HINDUNILVR, Year: 2016 | Computed OPM: 81.64%, Source OPM: 5910.00% | Diff: 5828.36% | Category: formula discrepancy (accounting classification differences in other income/expenses)
[OPM DISCREPANCY] Company: HINDUNILVR, Year: 2017 | Computed OPM: 80.92%, Source OPM: 6328.00% | Diff: 6247.08% | Category: formula discrepancy (accounting classification differences in other income/expenses)
[OPM DISCREPANCY] Company: HINDUNILVR, Year: 2018 | Computed OPM: 78.90%, Source OPM: 7499.00% | Diff: 7420.10% | Category: formula discrepancy (accounting classification differences in other income/expenses)
[OPM DISCREPANCY] Company: HINDUNILVR, Year: 2019 | Computed OPM: 77.41%, Source OPM: 8880.00% | Diff: 8802.59% | Category: formula discrepancy (accounting classification differences in other income/expenses)
[OPM DISCREPANCY] Company: HINDUNILVR, Year: 2020 | Computed OPM: 75.21%, Source OPM: 9861.00% | Diff: 9785.79% | Category: formula discrepancy (accounting classification differences in other income/expenses)
[OPM DISCREPANCY] Company: HINDUNILVR, Year: 2021 | Computed OPM: 75.28%, Source OPM: 11626.00% | Diff: 11550.72% | Category: formula discrepancy (accounting classification differences in other income/expenses)
[OPM DISCREPANCY] Company: HINDUNILVR, Year: 2022 | Computed OPM: 75.49%, Source OPM: 12857.00% | Diff: 12781.51% | Category: formula discrepancy (accounting classification differences in other income/expenses)
[OPM DISCREPANCY] Company: HINDUNILVR, Year: 2023 | Computed OPM: 76.65%, Source OPM: 14147.00% | Diff: 14070.35% | Category: formula discrepancy (accounting classification differences in other income/expenses)
[OPM DISCREPANCY] Company: HINDUNILVR, Year: 2024 | Computed OPM: 76.32%, Source OPM: 14659.00% | Diff: 14582.68% | Category: formula discrepancy (accounting classification differences in other income/expenses)
[ROCE ANOMALY] Company: HINDUNILVR | Computed ROCE: 90.15%, Source ROCE: 27.20% | Diff: 62.95% | Category: version difference (annualized TTM vs standalone FY balance sheet)
[OPM DISCREPANCY] Company: ICICIBANK, Year: 2013 | Computed OPM: 70.59%, Source OPM: -15085.00% | Diff: 15155.59% | Category: formula discrepancy (accounting classification differences in other income/expenses)
[BANK CARVE-OUT] Company: ICICIBANK, Year: 2013 | D/E: 7.09 | Sector: Financials | High leverage warning suppressed (structurally leveraged banking model)
[OPM DISCREPANCY] Company: ICICIBANK, Year: 2014 | Computed OPM: 66.40%, Source OPM: -13084.00% | Diff: 13150.40% | Category: formula discrepancy (accounting classification differences in other income/expenses)
[BANK CARVE-OUT] Company: ICICIBANK, Year: 2014 | D/E: 7.11 | Sector: Financials | High leverage warning suppressed (structurally leveraged banking model)
[OPM DISCREPANCY] Company: ICICIBANK, Year: 2015 | Computed OPM: 70.53%, Source OPM: -16120.00% | Diff: 16190.53% | Category: formula discrepancy (accounting classification differences in other income/expenses)
[BANK CARVE-OUT] Company: ICICIBANK, Year: 2015 | D/E: 7.05 | Sector: Financials | High leverage warning suppressed (structurally leveraged banking model)
[OPM DISCREPANCY] Company: ICICIBANK, Year: 2016 | Computed OPM: 88.12%, Source OPM: -26955.00% | Diff: 27043.12% | Category: formula discrepancy (accounting classification differences in other income/expenses)
[BANK CARVE-OUT] Company: ICICIBANK, Year: 2016 | D/E: 7.13 | Sector: Financials | High leverage warning suppressed (structurally leveraged banking model)
[OPM DISCREPANCY] Company: ICICIBANK, Year: 2017 | Computed OPM: 104.76%, Source OPM: -37737.00% | Diff: 37841.76% | Category: formula discrepancy (accounting classification differences in other income/expenses)
[BANK CARVE-OUT] Company: ICICIBANK, Year: 2017 | D/E: 6.70 | Sector: Financials | High leverage warning suppressed (structurally leveraged banking model)
[OPM DISCREPANCY] Company: ICICIBANK, Year: 2018 | Computed OPM: 117.12%, Source OPM: -44906.00% | Diff: 45023.12% | Category: formula discrepancy (accounting classification differences in other income/expenses)
[BANK CARVE-OUT] Company: ICICIBANK, Year: 2018 | D/E: 7.37 | Sector: Financials | High leverage warning suppressed (structurally leveraged banking model)
[OPM DISCREPANCY] Company: ICICIBANK, Year: 2019 | Computed OPM: 116.38%, Source OPM: -50971.00% | Diff: 51087.38% | Category: formula discrepancy (accounting classification differences in other income/expenses)
[BANK CARVE-OUT] Company: ICICIBANK, Year: 2019 | D/E: 7.80 | Sector: Financials | High leverage warning suppressed (structurally leveraged banking model)
[OPM DISCREPANCY] Company: ICICIBANK, Year: 2020 | Computed OPM: 100.62%, Source OPM: -45190.00% | Diff: 45290.62% | Category: formula discrepancy (accounting classification differences in other income/expenses)
[BANK CARVE-OUT] Company: ICICIBANK, Year: 2020 | D/E: 8.25 | Sector: Financials | High leverage warning suppressed (structurally leveraged banking model)
[OPM DISCREPANCY] Company: ICICIBANK, Year: 2021 | Computed OPM: 102.41%, Source OPM: -44805.00% | Diff: 44907.41% | Category: formula discrepancy (accounting classification differences in other income/expenses)
[BANK CARVE-OUT] Company: ICICIBANK, Year: 2021 | D/E: 7.00 | Sector: Financials | High leverage warning suppressed (structurally leveraged banking model)
[OPM DISCREPANCY] Company: ICICIBANK, Year: 2022 | Computed OPM: 84.69%, Source OPM: -26558.00% | Diff: 26642.69% | Category: formula discrepancy (accounting classification differences in other income/expenses)
[BANK CARVE-OUT] Company: ICICIBANK, Year: 2022 | D/E: 6.88 | Sector: Financials | High leverage warning suppressed (structurally leveraged banking model)
[OPM DISCREPANCY] Company: ICICIBANK, Year: 2023 | Computed OPM: 72.57%, Source OPM: -17341.00% | Diff: 17413.57% | Category: formula discrepancy (accounting classification differences in other income/expenses)
[BANK CARVE-OUT] Company: ICICIBANK, Year: 2023 | D/E: 6.53 | Sector: Financials | High leverage warning suppressed (structurally leveraged banking model)
[OPM DISCREPANCY] Company: ICICIBANK, Year: 2024 | Computed OPM: 62.41%, Source OPM: -14152.00% | Diff: 14214.41% | Category: formula discrepancy (accounting classification differences in other income/expenses)
[BANK CARVE-OUT] Company: ICICIBANK, Year: 2024 | D/E: 6.45 | Sector: Financials | High leverage warning suppressed (structurally leveraged banking model)
[OPM DISCREPANCY] Company: ICICIGI, Year: 2013 | Computed OPM: 104.46%, Source OPM: -178.00% | Diff: 282.46% | Category: formula discrepancy (accounting classification differences in other income/expenses)
[OPM DISCREPANCY] Company: ICICIGI, Year: 2014 | Computed OPM: 105.19%, Source OPM: -225.00% | Diff: 330.19% | Category: formula discrepancy (accounting classification differences in other income/expenses)
[OPM DISCREPANCY] Company: ICICIGI, Year: 2015 | Computed OPM: 105.24%, Source OPM: -221.00% | Diff: 326.24% | Category: formula discrepancy (accounting classification differences in other income/expenses)
[OPM DISCREPANCY] Company: ICICIGI, Year: 2016 | Computed OPM: 87.34%, Source OPM: 764.00% | Diff: 676.66% | Category: formula discrepancy (accounting classification differences in other income/expenses)
[OPM DISCREPANCY] Company: ICICIGI, Year: 2017 | Computed OPM: 87.78%, Source OPM: 919.00% | Diff: 831.22% | Category: formula discrepancy (accounting classification differences in other income/expenses)
[OPM DISCREPANCY] Company: ICICIGI, Year: 2018 | Computed OPM: 103.79%, Source OPM: -262.00% | Diff: 365.79% | Category: formula discrepancy (accounting classification differences in other income/expenses)
[OPM DISCREPANCY] Company: ICICIGI, Year: 2019 | Computed OPM: 85.05%, Source OPM: 1669.00% | Diff: 1583.95% | Category: formula discrepancy (accounting classification differences in other income/expenses)
[OPM DISCREPANCY] Company: ICICIGI, Year: 2020 | Computed OPM: 84.61%, Source OPM: 1772.00% | Diff: 1687.39% | Category: formula discrepancy (accounting classification differences in other income/expenses)
[OPM DISCREPANCY] Company: ICICIGI, Year: 2021 | Computed OPM: 82.97%, Source OPM: 2072.00% | Diff: 1989.03% | Category: formula discrepancy (accounting classification differences in other income/expenses)
[OPM DISCREPANCY] Company: ICICIGI, Year: 2022 | Computed OPM: 93.66%, Source OPM: 1016.00% | Diff: 922.34% | Category: formula discrepancy (accounting classification differences in other income/expenses)
[OPM DISCREPANCY] Company: ICICIGI, Year: 2023 | Computed OPM: 92.93%, Source OPM: 1264.00% | Diff: 1171.07% | Category: formula discrepancy (accounting classification differences in other income/expenses)
[OPM DISCREPANCY] Company: ICICIGI, Year: 2024 | Computed OPM: 87.42%, Source OPM: 2577.00% | Diff: 2489.58% | Category: formula discrepancy (accounting classification differences in other income/expenses)
[ROCE ANOMALY] Company: ICICIGI | Computed ROCE: 131.54%, Source ROCE: 22.50% | Diff: 109.04% | Category: version difference (annualized TTM vs standalone FY balance sheet)
[OPM DISCREPANCY] Company: ICICIPRULI, Year: 2013 | Computed OPM: 96.28%, Source OPM: 745.00% | Diff: 648.72% | Category: formula discrepancy (accounting classification differences in other income/expenses)
[OPM DISCREPANCY] Company: ICICIPRULI, Year: 2014 | Computed OPM: 93.13%, Source OPM: 1504.00% | Diff: 1410.87% | Category: formula discrepancy (accounting classification differences in other income/expenses)
[OPM DISCREPANCY] Company: ICICIPRULI, Year: 2015 | Computed OPM: 95.20%, Source OPM: 1655.00% | Diff: 1559.80% | Category: formula discrepancy (accounting classification differences in other income/expenses)
[OPM DISCREPANCY] Company: ICICIPRULI, Year: 2016 | Computed OPM: 91.17%, Source OPM: 1842.00% | Diff: 1750.83% | Category: formula discrepancy (accounting classification differences in other income/expenses)
[OPM DISCREPANCY] Company: ICICIPRULI, Year: 2017 | Computed OPM: 95.22%, Source OPM: 1806.00% | Diff: 1710.78% | Category: formula discrepancy (accounting classification differences in other income/expenses)
[OPM DISCREPANCY] Company: ICICIPRULI, Year: 2018 | Computed OPM: 95.44%, Source OPM: 1771.00% | Diff: 1675.56% | Category: formula discrepancy (accounting classification differences in other income/expenses)
[OPM DISCREPANCY] Company: ICICIPRULI, Year: 2019 | Computed OPM: 98.70%, Source OPM: 541.00% | Diff: 442.30% | Category: formula discrepancy (accounting classification differences in other income/expenses)
[OPM DISCREPANCY] Company: ICICIPRULI, Year: 2020 | Computed OPM: 101.52%, Source OPM: -319.00% | Diff: 420.52% | Category: formula discrepancy (accounting classification differences in other income/expenses)
[OPM DISCREPANCY] Company: ICICIPRULI, Year: 2021 | Computed OPM: 100.47%, Source OPM: -390.00% | Diff: 490.47% | Category: formula discrepancy (accounting classification differences in other income/expenses)
[OPM DISCREPANCY] Company: ICICIPRULI, Year: 2022 | Computed OPM: 103.40%, Source OPM: -2163.00% | Diff: 2266.40% | Category: formula discrepancy (accounting classification differences in other income/expenses)
[OPM DISCREPANCY] Company: ICICIPRULI, Year: 2023 | Computed OPM: 103.48%, Source OPM: -1757.00% | Diff: 1860.48% | Category: formula discrepancy (accounting classification differences in other income/expenses)
[OPM DISCREPANCY] Company: ICICIPRULI, Year: 2024 | Computed OPM: 102.03%, Source OPM: -1829.00% | Diff: 1931.03% | Category: formula discrepancy (accounting classification differences in other income/expenses)
[ROCE ANOMALY] Company: ICICIPRULI | Computed ROCE: 796.04%, Source ROCE: 8.75% | Diff: 787.29% | Category: version difference (annualized TTM vs standalone FY balance sheet)
[OPM DISCREPANCY] Company: INDIGO, Year: 2013 | Computed OPM: 90.71%, Source OPM: 855.00% | Diff: 764.29% | Category: formula discrepancy (accounting classification differences in other income/expenses)
[OPM DISCREPANCY] Company: INDIGO, Year: 2014 | Computed OPM: 96.11%, Source OPM: 433.00% | Diff: 336.89% | Category: formula discrepancy (accounting classification differences in other income/expenses)
[OPM DISCREPANCY] Company: INDIGO, Year: 2015 | Computed OPM: 86.33%, Source OPM: 1904.00% | Diff: 1817.67% | Category: formula discrepancy (accounting classification differences in other income/expenses)
[OPM DISCREPANCY] Company: INDIGO, Year: 2016 | Computed OPM: 80.40%, Source OPM: 3164.00% | Diff: 3083.60% | Category: formula discrepancy (accounting classification differences in other income/expenses)
[OPM DISCREPANCY] Company: INDIGO, Year: 2017 | Computed OPM: 88.06%, Source OPM: 2219.00% | Diff: 2130.94% | Category: formula discrepancy (accounting classification differences in other income/expenses)
[OPM DISCREPANCY] Company: INDIGO, Year: 2018 | Computed OPM: 86.84%, Source OPM: 3030.00% | Diff: 2943.16% | Category: formula discrepancy (accounting classification differences in other income/expenses)
[OPM DISCREPANCY] Company: INDIGO, Year: 2019 | Computed OPM: 100.53%, Source OPM: -151.00% | Diff: 251.53% | Category: formula discrepancy (accounting classification differences in other income/expenses)
[OPM DISCREPANCY] Company: INDIGO, Year: 2020 | Computed OPM: 88.62%, Source OPM: 4069.00% | Diff: 3980.38% | Category: formula discrepancy (accounting classification differences in other income/expenses)
[OPM DISCREPANCY] Company: INDIGO, Year: 2021 | Computed OPM: 99.98%, Source OPM: 2.00% | Diff: 97.98% | Category: formula discrepancy (accounting classification differences in other income/expenses)
[OPM DISCREPANCY] Company: INDIGO, Year: 2022 | Computed OPM: 97.85%, Source OPM: 558.00% | Diff: 460.15% | Category: formula discrepancy (accounting classification differences in other income/expenses)
[OPM DISCREPANCY] Company: INDIGO, Year: 2023 | Computed OPM: 88.02%, Source OPM: 6521.00% | Diff: 6432.98% | Category: formula discrepancy (accounting classification differences in other income/expenses)
[OPM DISCREPANCY] Company: INDIGO, Year: 2024 | Computed OPM: 76.30%, Source OPM: 16331.00% | Diff: 16254.70% | Category: formula discrepancy (accounting classification differences in other income/expenses)
[ROCE ANOMALY] Company: INDIGO | Computed ROCE: 5405.65%, Source ROCE: 24.50% | Diff: 5381.15% | Category: version difference (annualized TTM vs standalone FY balance sheet)
[OPM DISCREPANCY] Company: INDUSINDBK, Year: 2013 | Computed OPM: 27.88%, Source OPM: 286.00% | Diff: 258.12% | Category: formula discrepancy (accounting classification differences in other income/expenses)
[BANK CARVE-OUT] Company: INDUSINDBK, Year: 2013 | D/E: 8.33 | Sector: Financials | High leverage warning suppressed (structurally leveraged banking model)
[OPM DISCREPANCY] Company: INDUSINDBK, Year: 2014 | Computed OPM: 30.95%, Source OPM: 335.00% | Diff: 304.05% | Category: formula discrepancy (accounting classification differences in other income/expenses)
[BANK CARVE-OUT] Company: INDUSINDBK, Year: 2014 | D/E: 8.32 | Sector: Financials | High leverage warning suppressed (structurally leveraged banking model)
[OPM DISCREPANCY] Company: INDUSINDBK, Year: 2015 | Computed OPM: 32.33%, Source OPM: 288.00% | Diff: 255.67% | Category: formula discrepancy (accounting classification differences in other income/expenses)
[BANK CARVE-OUT] Company: INDUSINDBK, Year: 2015 | D/E: 8.90 | Sector: Financials | High leverage warning suppressed (structurally leveraged banking model)
[OPM DISCREPANCY] Company: INDUSINDBK, Year: 2016 | Computed OPM: 35.28%, Source OPM: 329.00% | Diff: 293.72% | Category: formula discrepancy (accounting classification differences in other income/expenses)
[BANK CARVE-OUT] Company: INDUSINDBK, Year: 2016 | D/E: 6.67 | Sector: Financials | High leverage warning suppressed (structurally leveraged banking model)
[OPM DISCREPANCY] Company: INDUSINDBK, Year: 2017 | Computed OPM: 39.46%, Source OPM: 379.00% | Diff: 339.54% | Category: formula discrepancy (accounting classification differences in other income/expenses)
[BANK CARVE-OUT] Company: INDUSINDBK, Year: 2017 | D/E: 7.22 | Sector: Financials | High leverage warning suppressed (structurally leveraged banking model)
[OPM DISCREPANCY] Company: INDUSINDBK, Year: 2018 | Computed OPM: 37.93%, Source OPM: 942.00% | Diff: 904.07% | Category: formula discrepancy (accounting classification differences in other income/expenses)
[BANK CARVE-OUT] Company: INDUSINDBK, Year: 2018 | D/E: 7.97 | Sector: Financials | High leverage warning suppressed (structurally leveraged banking model)
[OPM DISCREPANCY] Company: INDUSINDBK, Year: 2019 | Computed OPM: 41.70%, Source OPM: -437.00% | Diff: 478.70% | Category: formula discrepancy (accounting classification differences in other income/expenses)
[BANK CARVE-OUT] Company: INDUSINDBK, Year: 2019 | D/E: 9.08 | Sector: Financials | High leverage warning suppressed (structurally leveraged banking model)
[OPM DISCREPANCY] Company: INDUSINDBK, Year: 2020 | Computed OPM: 43.81%, Source OPM: -553.00% | Diff: 596.81% | Category: formula discrepancy (accounting classification differences in other income/expenses)
[BANK CARVE-OUT] Company: INDUSINDBK, Year: 2020 | D/E: 7.57 | Sector: Financials | High leverage warning suppressed (structurally leveraged banking model)
[OPM DISCREPANCY] Company: INDUSINDBK, Year: 2021 | Computed OPM: 55.16%, Source OPM: -2469.00% | Diff: 2524.16% | Category: formula discrepancy (accounting classification differences in other income/expenses)
[BANK CARVE-OUT] Company: INDUSINDBK, Year: 2021 | D/E: 7.09 | Sector: Financials | High leverage warning suppressed (structurally leveraged banking model)
[OPM DISCREPANCY] Company: INDUSINDBK, Year: 2022 | Computed OPM: 51.39%, Source OPM: -839.00% | Diff: 890.39% | Category: formula discrepancy (accounting classification differences in other income/expenses)
[BANK CARVE-OUT] Company: INDUSINDBK, Year: 2022 | D/E: 7.15 | Sector: Financials | High leverage warning suppressed (structurally leveraged banking model)
[OPM DISCREPANCY] Company: INDUSINDBK, Year: 2023 | Computed OPM: 42.69%, Source OPM: 2067.00% | Diff: 2024.31% | Category: formula discrepancy (accounting classification differences in other income/expenses)
[BANK CARVE-OUT] Company: INDUSINDBK, Year: 2023 | D/E: 7.06 | Sector: Financials | High leverage warning suppressed (structurally leveraged banking model)
[OPM DISCREPANCY] Company: INDUSINDBK, Year: 2024 | Computed OPM: 38.55%, Source OPM: 2978.00% | Diff: 2939.45% | Category: formula discrepancy (accounting classification differences in other income/expenses)
[BANK CARVE-OUT] Company: INDUSINDBK, Year: 2024 | D/E: 6.89 | Sector: Financials | High leverage warning suppressed (structurally leveraged banking model)
[ROCE ANOMALY] Company: IRCTC | Computed ROCE: 44.10%, Source ROCE: 53.80% | Diff: 9.70% | Category: version difference (annualized TTM vs standalone FY balance sheet)
[ROE ANOMALY] Company: IRCTC | Computed ROE: 31.54%, Source ROE: 40.40% | Diff: 8.86% | Category: version difference (e.g., decimals vs percentage formatting in source master)
[BANK CARVE-OUT] Company: IRFC, Year: 2013 | D/E: 9.19 | Sector: Financials | High leverage warning suppressed (structurally leveraged banking model)
[BANK CARVE-OUT] Company: IRFC, Year: 2014 | D/E: 9.25 | Sector: Financials | High leverage warning suppressed (structurally leveraged banking model)
[BANK CARVE-OUT] Company: IRFC, Year: 2015 | D/E: 8.21 | Sector: Financials | High leverage warning suppressed (structurally leveraged banking model)
[BANK CARVE-OUT] Company: IRFC, Year: 2016 | D/E: 7.59 | Sector: Financials | High leverage warning suppressed (structurally leveraged banking model)
[BANK CARVE-OUT] Company: IRFC, Year: 2017 | D/E: 8.86 | Sector: Financials | High leverage warning suppressed (structurally leveraged banking model)
[BANK CARVE-OUT] Company: IRFC, Year: 2018 | D/E: 9.62 | Sector: Financials | High leverage warning suppressed (structurally leveraged banking model)
[BANK CARVE-OUT] Company: IRFC, Year: 2019 | D/E: 6.95 | Sector: Financials | High leverage warning suppressed (structurally leveraged banking model)
[BANK CARVE-OUT] Company: IRFC, Year: 2020 | D/E: 7.74 | Sector: Financials | High leverage warning suppressed (structurally leveraged banking model)
[BANK CARVE-OUT] Company: IRFC, Year: 2021 | D/E: 9.00 | Sector: Financials | High leverage warning suppressed (structurally leveraged banking model)
[BANK CARVE-OUT] Company: IRFC, Year: 2022 | D/E: 9.47 | Sector: Financials | High leverage warning suppressed (structurally leveraged banking model)
[BANK CARVE-OUT] Company: IRFC, Year: 2023 | D/E: 9.38 | Sector: Financials | High leverage warning suppressed (structurally leveraged banking model)
[BANK CARVE-OUT] Company: IRFC, Year: 2024 | D/E: 7.83 | Sector: Financials | High leverage warning suppressed (structurally leveraged banking model)
[OPM DISCREPANCY] Company: JIOFIN, Year: 2023 | Computed OPM: 86.67%, Source OPM: 88.00% | Diff: 1.33% | Category: formula discrepancy (accounting classification differences in other income/expenses)
[OPM DISCREPANCY] Company: KOTAKBANK, Year: 2013 | Computed OPM: 60.92%, Source OPM: -1789.00% | Diff: 1849.92% | Category: formula discrepancy (accounting classification differences in other income/expenses)
[BANK CARVE-OUT] Company: KOTAKBANK, Year: 2013 | D/E: 5.60 | Sector: Financials | High leverage warning suppressed (structurally leveraged banking model)
[OPM DISCREPANCY] Company: KOTAKBANK, Year: 2014 | Computed OPM: 58.84%, Source OPM: -1379.00% | Diff: 1437.84% | Category: formula discrepancy (accounting classification differences in other income/expenses)
[OPM DISCREPANCY] Company: KOTAKBANK, Year: 2015 | Computed OPM: 72.96%, Source OPM: -3366.00% | Diff: 3438.96% | Category: formula discrepancy (accounting classification differences in other income/expenses)
[OPM DISCREPANCY] Company: KOTAKBANK, Year: 2016 | Computed OPM: 56.57%, Source OPM: -2263.00% | Diff: 2319.57% | Category: formula discrepancy (accounting classification differences in other income/expenses)
[BANK CARVE-OUT] Company: KOTAKBANK, Year: 2016 | D/E: 5.39 | Sector: Financials | High leverage warning suppressed (structurally leveraged banking model)
[OPM DISCREPANCY] Company: KOTAKBANK, Year: 2017 | Computed OPM: 66.44%, Source OPM: -3965.00% | Diff: 4031.44% | Category: formula discrepancy (accounting classification differences in other income/expenses)
[BANK CARVE-OUT] Company: KOTAKBANK, Year: 2017 | D/E: 5.33 | Sector: Financials | High leverage warning suppressed (structurally leveraged banking model)
[OPM DISCREPANCY] Company: KOTAKBANK, Year: 2018 | Computed OPM: 66.87%, Source OPM: -4141.00% | Diff: 4207.87% | Category: formula discrepancy (accounting classification differences in other income/expenses)
[OPM DISCREPANCY] Company: KOTAKBANK, Year: 2019 | Computed OPM: 66.23%, Source OPM: -5114.00% | Diff: 5180.23% | Category: formula discrepancy (accounting classification differences in other income/expenses)
[BANK CARVE-OUT] Company: KOTAKBANK, Year: 2019 | D/E: 5.05 | Sector: Financials | High leverage warning suppressed (structurally leveraged banking model)
[OPM DISCREPANCY] Company: KOTAKBANK, Year: 2020 | Computed OPM: 67.45%, Source OPM: -5005.00% | Diff: 5072.45% | Category: formula discrepancy (accounting classification differences in other income/expenses)
[OPM DISCREPANCY] Company: KOTAKBANK, Year: 2021 | Computed OPM: 90.83%, Source OPM: -9958.00% | Diff: 10048.83% | Category: formula discrepancy (accounting classification differences in other income/expenses)
[OPM DISCREPANCY] Company: KOTAKBANK, Year: 2022 | Computed OPM: 90.98%, Source OPM: -8512.00% | Diff: 8602.98% | Category: formula discrepancy (accounting classification differences in other income/expenses)
[OPM DISCREPANCY] Company: KOTAKBANK, Year: 2023 | Computed OPM: 79.44%, Source OPM: -5746.00% | Diff: 5825.44% | Category: formula discrepancy (accounting classification differences in other income/expenses)
[OPM DISCREPANCY] Company: KOTAKBANK, Year: 2024 | Computed OPM: 83.67%, Source OPM: -13382.00% | Diff: 13465.67% | Category: formula discrepancy (accounting classification differences in other income/expenses)
[BANK CARVE-OUT] Company: LICI, Year: 2019 | D/E: 332.59 | Sector: Financials | High leverage warning suppressed (structurally leveraged banking model)
[BANK CARVE-OUT] Company: LICI, Year: 2020 | D/E: 252.91 | Sector: Financials | High leverage warning suppressed (structurally leveraged banking model)
[ROCE ANOMALY] Company: LICI | Computed ROCE: 48.76%, Source ROCE: 63.79% | Diff: 15.03% | Category: version difference (annualized TTM vs standalone FY balance sheet)
[ROE ANOMALY] Company: LICI | Computed ROE: 41.91%, Source ROE: 63.61% | Diff: 21.70% | Category: version difference (e.g., decimals vs percentage formatting in source master)
[ROCE ANOMALY] Company: LT | Computed ROCE: 144.06%, Source ROCE: 17.18% | Diff: 126.88% | Category: version difference (annualized TTM vs standalone FY balance sheet)
[ROE ANOMALY] Company: LT | Computed ROE: 73.77%, Source ROE: 10.49% | Diff: 63.28% | Category: version difference (e.g., decimals vs percentage formatting in source master)
[ROCE ANOMALY] Company: M&M | Computed ROCE: 15.05%, Source ROCE: 26.98% | Diff: 11.93% | Category: version difference (annualized TTM vs standalone FY balance sheet)
[ROCE ANOMALY] Company: NESTLEIND | Computed ROCE: 136.97%, Source ROCE: 185.43% | Diff: 48.46% | Category: version difference (annualized TTM vs standalone FY balance sheet)
[ROE ANOMALY] Company: NESTLEIND | Computed ROE: 98.57%, Source ROE: 135.61% | Diff: 37.04% | Category: version difference (e.g., decimals vs percentage formatting in source master)
[BANK CARVE-OUT] Company: PFC, Year: 2013 | D/E: 5.89 | Sector: Financials | High leverage warning suppressed (structurally leveraged banking model)
[BANK CARVE-OUT] Company: PFC, Year: 2014 | D/E: 5.79 | Sector: Financials | High leverage warning suppressed (structurally leveraged banking model)
[BANK CARVE-OUT] Company: PFC, Year: 2015 | D/E: 5.79 | Sector: Financials | High leverage warning suppressed (structurally leveraged banking model)
[BANK CARVE-OUT] Company: PFC, Year: 2016 | D/E: 5.57 | Sector: Financials | High leverage warning suppressed (structurally leveraged banking model)
[BANK CARVE-OUT] Company: PFC, Year: 2017 | D/E: 5.51 | Sector: Financials | High leverage warning suppressed (structurally leveraged banking model)
[BANK CARVE-OUT] Company: PFC, Year: 2018 | D/E: 11.07 | Sector: Financials | High leverage warning suppressed (structurally leveraged banking model)
[BANK CARVE-OUT] Company: PFC, Year: 2019 | D/E: 11.45 | Sector: Financials | High leverage warning suppressed (structurally leveraged banking model)
[BANK CARVE-OUT] Company: PFC, Year: 2020 | D/E: 12.08 | Sector: Financials | High leverage warning suppressed (structurally leveraged banking model)
[BANK CARVE-OUT] Company: PFC, Year: 2021 | D/E: 10.86 | Sector: Financials | High leverage warning suppressed (structurally leveraged banking model)
[BANK CARVE-OUT] Company: PFC, Year: 2022 | D/E: 9.21 | Sector: Financials | High leverage warning suppressed (structurally leveraged banking model)
[BANK CARVE-OUT] Company: PFC, Year: 2023 | D/E: 8.93 | Sector: Financials | High leverage warning suppressed (structurally leveraged banking model)
[ROCE ANOMALY] Company: PFC | Computed ROCE: 3.30%, Source ROCE: 9.96% | Diff: 6.66% | Category: version difference (annualized TTM vs standalone FY balance sheet)
[BANK CARVE-OUT] Company: PFC, Year: 2024 | D/E: 8.27 | Sector: Financials | High leverage warning suppressed (structurally leveraged banking model)
[BANK CARVE-OUT] Company: PNB, Year: 2013 | D/E: 10.83 | Sector: Financials | High leverage warning suppressed (structurally leveraged banking model)
[BANK CARVE-OUT] Company: PNB, Year: 2014 | D/E: 10.82 | Sector: Financials | High leverage warning suppressed (structurally leveraged banking model)
[BANK CARVE-OUT] Company: PNB, Year: 2015 | D/E: 10.44 | Sector: Financials | High leverage warning suppressed (structurally leveraged banking model)
[BANK CARVE-OUT] Company: PNB, Year: 2016 | D/E: 12.12 | Sector: Financials | High leverage warning suppressed (structurally leveraged banking model)
[BANK CARVE-OUT] Company: PNB, Year: 2017 | D/E: 6.36 | Sector: Financials | High leverage warning suppressed (structurally leveraged banking model)
[BANK CARVE-OUT] Company: PNB, Year: 2018 | D/E: 8.19 | Sector: Financials | High leverage warning suppressed (structurally leveraged banking model)
[BANK CARVE-OUT] Company: PNB, Year: 2019 | D/E: 9.66 | Sector: Financials | High leverage warning suppressed (structurally leveraged banking model)
[BANK CARVE-OUT] Company: PNB, Year: 2020 | D/E: 8.52 | Sector: Financials | High leverage warning suppressed (structurally leveraged banking model)
[BANK CARVE-OUT] Company: PNB, Year: 2021 | D/E: 6.70 | Sector: Financials | High leverage warning suppressed (structurally leveraged banking model)
[BANK CARVE-OUT] Company: PNB, Year: 2022 | D/E: 5.40 | Sector: Financials | High leverage warning suppressed (structurally leveraged banking model)
[ROE ANOMALY] Company: PNB | Computed ROE: 61.32%, Source ROE: 8.70% | Diff: 52.62% | Category: version difference (e.g., decimals vs percentage formatting in source master)
[ROCE ANOMALY] Company: POWERGRID | Computed ROCE: 18.81%, Source ROCE: 13.20% | Diff: 5.61% | Category: version difference (annualized TTM vs standalone FY balance sheet)
[BANK CARVE-OUT] Company: RECLTD, Year: 2013 | D/E: 6.15 | Sector: Financials | High leverage warning suppressed (structurally leveraged banking model)
[BANK CARVE-OUT] Company: RECLTD, Year: 2014 | D/E: 6.07 | Sector: Financials | High leverage warning suppressed (structurally leveraged banking model)
[BANK CARVE-OUT] Company: RECLTD, Year: 2015 | D/E: 6.02 | Sector: Financials | High leverage warning suppressed (structurally leveraged banking model)
[BANK CARVE-OUT] Company: RECLTD, Year: 2016 | D/E: 5.86 | Sector: Financials | High leverage warning suppressed (structurally leveraged banking model)
[BANK CARVE-OUT] Company: RECLTD, Year: 2018 | D/E: 6.27 | Sector: Financials | High leverage warning suppressed (structurally leveraged banking model)
[BANK CARVE-OUT] Company: RECLTD, Year: 2019 | D/E: 7.07 | Sector: Financials | High leverage warning suppressed (structurally leveraged banking model)
[BANK CARVE-OUT] Company: RECLTD, Year: 2020 | D/E: 8.09 | Sector: Financials | High leverage warning suppressed (structurally leveraged banking model)
[BANK CARVE-OUT] Company: RECLTD, Year: 2021 | D/E: 7.53 | Sector: Financials | High leverage warning suppressed (structurally leveraged banking model)
[BANK CARVE-OUT] Company: RECLTD, Year: 2022 | D/E: 6.49 | Sector: Financials | High leverage warning suppressed (structurally leveraged banking model)
[BANK CARVE-OUT] Company: RECLTD, Year: 2023 | D/E: 6.55 | Sector: Financials | High leverage warning suppressed (structurally leveraged banking model)
[BANK CARVE-OUT] Company: RECLTD, Year: 2024 | D/E: 6.58 | Sector: Financials | High leverage warning suppressed (structurally leveraged banking model)
[ROCE ANOMALY] Company: RELIANCE | Computed ROCE: 15.18%, Source ROCE: 9.61% | Diff: 5.57% | Category: version difference (annualized TTM vs standalone FY balance sheet)
[ROCE ANOMALY] Company: SHREECEM | Computed ROCE: 22.67%, Source ROCE: 14.80% | Diff: 7.87% | Category: version difference (annualized TTM vs standalone FY balance sheet)
[BANK CARVE-OUT] Company: SHRIRAMFIN, Year: 2015 | D/E: 5.04 | Sector: Financials | High leverage warning suppressed (structurally leveraged banking model)
[BANK CARVE-OUT] Company: SHRIRAMFIN, Year: 2018 | D/E: 6.00 | Sector: Financials | High leverage warning suppressed (structurally leveraged banking model)
[BANK CARVE-OUT] Company: SHRIRAMFIN, Year: 2019 | D/E: 5.51 | Sector: Financials | High leverage warning suppressed (structurally leveraged banking model)
[BANK CARVE-OUT] Company: SHRIRAMFIN, Year: 2020 | D/E: 5.22 | Sector: Financials | High leverage warning suppressed (structurally leveraged banking model)
[ROCE ANOMALY] Company: SHRIRAMFIN | Computed ROCE: 4.05%, Source ROCE: 11.30% | Diff: 7.25% | Category: version difference (annualized TTM vs standalone FY balance sheet)
[OPM DISCREPANCY] Company: SUNPHARMA, Year: 2024 | Computed OPM: 26.84%, Source OPM: 28.00% | Diff: 1.16% | Category: formula discrepancy (accounting classification differences in other income/expenses)
[ROCE ANOMALY] Company: TATAMOTORS | Computed ROCE: 31.41%, Source ROCE: 20.10% | Diff: 11.31% | Category: version difference (annualized TTM vs standalone FY balance sheet)
[ROE ANOMALY] Company: TATAMOTORS | Computed ROE: 31.47%, Source ROE: 49.40% | Diff: 17.93% | Category: version difference (e.g., decimals vs percentage formatting in source master)
[ROE ANOMALY] Company: TATASTEEL | Computed ROE: -5.45%, Source ROE: 6.55% | Diff: 12.00% | Category: version difference (e.g., decimals vs percentage formatting in source master)
[ROE ANOMALY] Company: TCS | Computed ROE: 45.42%, Source ROE: 0.52% | Diff: 44.90% | Category: data source issue (e.g., decimals vs percentage formatting in source master)
[ROCE ANOMALY] Company: TECHM | Computed ROCE: 19.08%, Source ROCE: 11.90% | Diff: 7.18% | Category: version difference (annualized TTM vs standalone FY balance sheet)
[ROCE ANOMALY] Company: TORNTPHARM | Computed ROCE: 33.05%, Source ROCE: 23.20% | Diff: 9.85% | Category: version difference (annualized TTM vs standalone FY balance sheet)
[ROCE ANOMALY] Company: TRENT | Computed ROCE: 45.38%, Source ROCE: 23.80% | Diff: 21.58% | Category: version difference (annualized TTM vs standalone FY balance sheet)
